// Vitest Snapshot v1, https://vitest.dev/guide/snapshot.html

exports[`Button > renders variant and size combinations 1`] = `
<div>
  <div>
    <button
      class="inline-flex items-center justify-center gap-2 whitespace-nowrap rounded-md text-sm font-medium transition-colors focus-visible:outline-none focus-visible:ring-1 focus-visible:ring-ink disabled:pointer-events-none disabled:opacity-50 bg-ink text-paper hover:bg-ink-2 h-9 px-4"
    >
      default md
    </button>
    <button
      class="inline-flex items-center justify-center gap-2 whitespace-nowrap rounded-md text-sm font-medium transition-colors focus-visible:outline-none focus-visible:ring-1 focus-visible:ring-ink disabled:pointer-events-none disabled:opacity-50 border border-rule bg-paper text-ink hover:bg-paper-2 h-8 px-3"
    >
      outline sm
    </button>
    <button
      class="inline-flex items-center justify-center gap-2 whitespace-nowrap rounded-md text-sm font-medium transition-colors focus-visible:outline-none focus-visible:ring-1 focus-visible:ring-ink disabled:pointer-events-none disabled:opacity-50 text-ink hover:bg-paper-2 h-10 px-5"
    >
      ghost lg
    </button>
    <button
      class="inline-flex items-center justify-center gap-2 whitespace-nowrap rounded-md text-sm font-medium transition-colors focus-visible:outline-none focus-visible:ring-1 focus-visible:ring-ink disabled:pointer-events-none disabled:opacity-50 text-ink underline-offset-4 hover:underline h-9 px-4"
    >
      link md
    </button>
    <button
      aria-label="icon-only"
      class="inline-flex items-center justify-center gap-2 whitespace-nowrap rounded-md text-sm font-medium transition-colors focus-visible:outline-none focus-visible:ring-1 focus-visible:ring-ink disabled:pointer-events-none disabled:opacity-50 bg-ink text-paper hover:bg-ink-2 h-9 w-9"
    />
    <button
      class="inline-flex items-center justify-center gap-2 whitespace-nowrap rounded-md text-sm font-medium transition-colors focus-visible:outline-none focus-visible:ring-1 focus-visible:ring-ink disabled:pointer-events-none disabled:opacity-50 bg-ink text-paper hover:bg-ink-2 h-9 px-4"
      disabled=""
    >
      disabled
    </button>
  </div>
</div>
`;
