// Vitest Snapshot v1, https://vitest.dev/guide/snapshot.html

exports[`Dialog > renders closed dialog with trigger 1`] = `
<div>
  <button
    aria-controls="radix-_r_*_"
    aria-expanded="false"
    aria-haspopup="dialog"
    data-state="closed"
    type="button"
  >
    open
  </button>
</div>
`;
