// Vitest Snapshot v1, https://vitest.dev/guide/snapshot.html

exports[`Link > renders internal and external variants 1`] = `
<div>
  <div>
    <a
      class=""
      data-discover="true"
      href="/"
    >
      internal default unstyled
    </a>
    <a
      class="inline-flex items-center justify-center gap-2 whitespace-nowrap rounded-none font-sans font-medium tracking-[0.01em] transition-colors focus-visible:outline-none focus-visible:ring-1 focus-visible:ring-ink disabled:pointer-events-none disabled:opacity-50 bg-ink text-paper hover:bg-ink-2 h-9 px-4 text-[13px]"
      data-discover="true"
      href="/space"
    >
      internal primary
    </a>
    <a
      class="inline-flex items-center justify-center gap-2 whitespace-nowrap rounded-none font-sans font-medium tracking-[0.01em] transition-colors focus-visible:outline-none focus-visible:ring-1 focus-visible:ring-ink disabled:pointer-events-none disabled:opacity-50 border-b border-ink bg-transparent text-ink hover:text-ink-2 h-auto px-0 pb-[2px] text-[13px]"
      data-discover="true"
      href="/about"
    >
      internal ghost
    </a>
    <a
      class="inline-flex items-center justify-center gap-2 whitespace-nowrap rounded-none font-sans font-medium tracking-[0.01em] transition-colors focus-visible:outline-none focus-visible:ring-1 focus-visible:ring-ink disabled:pointer-events-none disabled:opacity-50 border border-ink bg-transparent text-ink hover:bg-paper-2 h-9 px-4 text-[13px]"
      href="https://example.com"
      rel="noopener noreferrer"
      target="_blank"
    >
      external secondary
    </a>
    <a
      class=""
      href="mailto:hi@example.com"
    >
      mailto unstyled
    </a>
  </div>
</div>
`;
