// Vitest Snapshot v1, https://vitest.dev/guide/snapshot.html

exports[`TextField > snapshot > should match the snapshot across all variants 1`] = `
<div>
  <div>
    <input
      class="block w-full border-0 bg-transparent px-0 py-1.5 font-sans text-[14px] leading-tight text-ink outline-none transition-colors placeholder:text-ink-4 disabled:cursor-not-allowed border-b border-rule focus:border-ink"
      data-testid="tf-snap-rest"
      placeholder="rest"
      type="text"
    />
    <input
      class="block w-full border-0 bg-transparent px-0 py-1.5 font-sans text-[14px] leading-tight text-ink outline-none transition-colors placeholder:text-ink-4 disabled:cursor-not-allowed border-b border-rule focus:border-ink"
      data-testid="tf-snap-filled"
      type="text"
      value="filled"
    />
    <input
      class="block w-full border-0 px-0 py-1.5 font-sans text-[14px] leading-tight outline-none transition-colors placeholder:text-ink-4 disabled:cursor-not-allowed border-b border-rule bg-paper-2 text-ink-4"
      data-testid="tf-snap-disabled"
      disabled=""
      placeholder="off"
      type="text"
    />
    <input
      aria-invalid="true"
      class="block w-full border-0 bg-transparent px-0 py-1.5 font-sans text-[14px] leading-tight text-ink outline-none transition-colors placeholder:text-ink-4 disabled:cursor-not-allowed border-b border-ink"
      data-testid="tf-snap-error"
      type="text"
      value="bad"
    />
  </div>
</div>
`;
