// Vitest Snapshot v1, https://vitest.dev/guide/snapshot.html

exports[`SyncRunRow > snapshot > should match the snapshot across idle, busy, never-synced, and synced states 1`] = `
<div>
  <div>
    <div
      class="flex flex-col gap-2 border-b border-rule/60 py-4 md:grid md:grid-cols-[1fr_auto] md:items-center md:gap-8"
    >
      <div>
        <div
          class="text-[14px] font-medium text-ink"
        >
          Manual sync
        </div>
        <div
          class="mt-1 max-w-[520px] font-serif text-[13px] italic text-ink-3"
        >
          Push-only for now — this writes your local data to the folder. Pulling changes back lands later.
        </div>
      </div>
      <div>
        <div
          class="flex flex-col items-end gap-1"
        >
          <button
            class="inline-flex items-center justify-center gap-2 whitespace-nowrap rounded-none font-sans font-medium tracking-[0.01em] transition-colors focus-visible:outline-none focus-visible:ring-1 focus-visible:ring-ink disabled:pointer-events-none disabled:opacity-50 bg-ink text-paper hover:bg-ink-2 h-9 px-4 text-[13px]"
            type="button"
          >
            Sync now
          </button>
        </div>
      </div>
    </div>
    <div
      class="flex flex-col gap-2 border-b border-rule/60 py-4 md:grid md:grid-cols-[1fr_auto] md:items-center md:gap-8"
    >
      <div>
        <div
          class="text-[14px] font-medium text-ink"
        >
          Manual sync
        </div>
        <div
          class="mt-1 max-w-[520px] font-serif text-[13px] italic text-ink-3"
        >
          Push-only for now — this writes your local data to the folder. Pulling changes back lands later.
        </div>
      </div>
      <div>
        <div
          class="flex flex-col items-end gap-1"
        >
          <button
            class="inline-flex items-center justify-center gap-2 whitespace-nowrap rounded-none font-sans font-medium tracking-[0.01em] transition-colors focus-visible:outline-none focus-visible:ring-1 focus-visible:ring-ink disabled:pointer-events-none disabled:opacity-50 bg-ink text-paper hover:bg-ink-2 h-9 px-4 text-[13px]"
            disabled=""
            type="button"
          >
            Syncing…
          </button>
        </div>
      </div>
    </div>
    <div
      class="flex flex-col gap-2 border-b border-rule/60 py-4 md:grid md:grid-cols-[1fr_auto] md:items-center md:gap-8"
    >
      <div>
        <div
          class="text-[14px] font-medium text-ink"
        >
          Manual sync
        </div>
        <div
          class="mt-1 max-w-[520px] font-serif text-[13px] italic text-ink-3"
        >
          Push-only for now — this writes your local data to the folder. Pulling changes back lands later.
        </div>
      </div>
      <div>
        <div
          class="flex flex-col items-end gap-1"
        >
          <button
            class="inline-flex items-center justify-center gap-2 whitespace-nowrap rounded-none font-sans font-medium tracking-[0.01em] transition-colors focus-visible:outline-none focus-visible:ring-1 focus-visible:ring-ink disabled:pointer-events-none disabled:opacity-50 bg-ink text-paper hover:bg-ink-2 h-9 px-4 text-[13px]"
            type="button"
          >
            Sync now
          </button>
          <p
            class="font-serif italic text-[12px] text-ink-3"
          >
            Never synced
          </p>
        </div>
      </div>
    </div>
    <div
      class="flex flex-col gap-2 border-b border-rule/60 py-4 md:grid md:grid-cols-[1fr_auto] md:items-center md:gap-8"
    >
      <div>
        <div
          class="text-[14px] font-medium text-ink"
        >
          Manual sync
        </div>
        <div
          class="mt-1 max-w-[520px] font-serif text-[13px] italic text-ink-3"
        >
          Push-only for now — this writes your local data to the folder. Pulling changes back lands later.
        </div>
      </div>
      <div>
        <div
          class="flex flex-col items-end gap-1"
        >
          <button
            class="inline-flex items-center justify-center gap-2 whitespace-nowrap rounded-none font-sans font-medium tracking-[0.01em] transition-colors focus-visible:outline-none focus-visible:ring-1 focus-visible:ring-ink disabled:pointer-events-none disabled:opacity-50 bg-ink text-paper hover:bg-ink-2 h-9 px-4 text-[13px]"
            type="button"
          >
            Sync now
          </button>
          <p
            class="font-serif italic text-[12px] text-ink-3"
          >
            Last synced 2024-01-01
          </p>
        </div>
      </div>
    </div>
  </div>
</div>
`;
