// Vitest Snapshot v1, https://vitest.dev/guide/snapshot.html

exports[`SpaceMenuPopover > snapshot > should match the snapshot across all variants > default 1`] = `
<div>
  <button
    aria-controls="radix-_r_*_"
    aria-expanded="true"
    aria-haspopup="dialog"
    data-radix-popper-align="start"
    data-radix-popper-side="bottom"
    data-state="open"
    type="button"
  />
</div>
`;
