// Vitest Snapshot v1, https://vitest.dev/guide/snapshot.html

exports[`BrainSpaceCanvas > snapshot > should match the snapshot across all variants 1`] = `
<div>
  <div
    class="relative h-full min-w-0 flex-1 overflow-hidden bg-paper"
    data-testid="brain-canvas"
    data-tour="tour-brainspace-canvas"
    style="background-image: radial-gradient(circle at 1px 1px, var(--rule) 1px, transparent 1px); background-size: 20px 20px;"
  >
    <svg
      class="pointer-events-none absolute inset-0 h-full w-full"
      style="pointer-events: none;"
    >
      <g
        style="pointer-events: auto;"
      >
        <g
          class="group cursor-pointer"
        >
          <path
            d="M 116 64 Q 224 82, 332 160"
            fill="none"
            pointer-events="stroke"
            stroke="transparent"
            stroke-width="14"
          />
          <path
            class="transition-[stroke,stroke-width] group-hover:stroke-[var(--ink)] group-hover:stroke-2"
            d="M 116 64 Q 224 82, 332 160"
            fill="none"
            pointer-events="none"
            stroke="var(--rule)"
            stroke-dasharray="2 3"
            stroke-width="1"
          />
          <g
            class="opacity-0 transition-opacity group-hover:opacity-100"
            pointer-events="none"
          >
            <circle
              cx="224"
              cy="82"
              fill="var(--paper)"
              r="8"
              stroke="var(--ink)"
            />
            <text
              fill="var(--ink)"
              font-family="monospace"
              font-size="10"
              text-anchor="middle"
              x="224"
              y="85"
            >
              ×
            </text>
          </g>
        </g>
      </g>
    </svg>
    <div
      class="group absolute flex flex-col gap-1 border bg-paper p-2.5 border-ink cursor-grab"
      data-testid="brain-note-n1"
      style="left: 24px; top: 24px; width: 184px; min-height: 80px;"
    >
      <div
        class="flex items-center gap-1.5 font-mono text-[10px] uppercase tracking-[0.1em] text-ink-4"
      >
        <span
          data-testid="brain-note-n1-kind"
        >
          thought
        </span>
        <span
          class="flex-1"
        />
        <input
          accept="image/png,image/jpeg,image/gif,image/webp"
          aria-hidden="true"
          class="hidden"
          data-testid="brain-note-n1-image-input"
          multiple=""
          tabindex="-1"
          type="file"
        />
        <button
          aria-label="Add picture"
          class="inline-flex items-center justify-center transition-colors hover:text-ink focus-visible:outline-none focus-visible:ring-1 focus-visible:ring-ink data-[state=open]:bg-paper-2 data-[state=open]:text-ink h-4 w-4 rounded-sm text-ink-4 opacity-0 hover:bg-paper-2 group-hover:opacity-100"
          data-no-drag="true"
          data-testid="brain-note-n1-add-image"
          type="button"
        >
          <svg
            aria-hidden="true"
            class="lucide lucide-image-plus h-3 w-3"
            fill="none"
            height="24"
            stroke="currentColor"
            stroke-linecap="round"
            stroke-linejoin="round"
            stroke-width="2"
            viewBox="0 0 24 24"
            width="24"
            xmlns="http://www.w3.org/2000/svg"
          >
            <path
              d="M16 5h6"
            />
            <path
              d="M19 2v6"
            />
            <path
              d="M21 11.5V19a2 2 0 0 1-2 2H5a2 2 0 0 1-2-2V5a2 2 0 0 1 2-2h7.5"
            />
            <path
              d="m21 15-3.086-3.086a2 2 0 0 0-2.828 0L6 21"
            />
            <circle
              cx="9"
              cy="9"
              r="2"
            />
          </svg>
        </button>
        <span
          data-testid="brain-note-n1-day-chip"
        >
          mon
        </span>
        <button
          aria-label="Open details"
          class="inline-flex items-center justify-center transition-colors hover:text-ink focus-visible:outline-none focus-visible:ring-1 focus-visible:ring-ink data-[state=open]:bg-paper-2 data-[state=open]:text-ink ml-1 h-4 w-4 rounded-sm text-ink-4 opacity-0 hover:bg-paper-2 group-hover:opacity-100"
          data-no-drag="true"
          data-testid="brain-note-n1-open-details"
          type="button"
        >
          <svg
            aria-hidden="true"
            class="lucide lucide-arrow-up-right h-3 w-3"
            fill="none"
            height="24"
            stroke="currentColor"
            stroke-linecap="round"
            stroke-linejoin="round"
            stroke-width="2"
            viewBox="0 0 24 24"
            width="24"
            xmlns="http://www.w3.org/2000/svg"
          >
            <path
              d="M7 7h10v10"
            />
            <path
              d="M7 17 17 7"
            />
          </svg>
        </button>
      </div>
      <button
        class="self-start font-mono text-[9px] uppercase tracking-wider text-ink-4 opacity-0 hover:text-ink-2 group-hover:opacity-100"
        data-no-drag="true"
        data-testid="brain-note-n1-add-title"
        type="button"
      >
        + title
      </button>
      <div
        class="flex-1 cursor-text whitespace-pre-wrap font-serif text-[12px] leading-snug text-ink-2"
        data-no-drag="true"
        data-testid="brain-note-n1-body"
      >
        Hello
      </div>
      <div
        aria-label="Resize note"
        class="absolute bottom-0 right-0 h-3 w-3 cursor-nwse-resize"
        data-resize-handle="true"
        data-testid="brain-note-n1-resize-handle"
      />
    </div>
    <div
      class="group absolute flex flex-col gap-1 border bg-paper p-2.5 border-ink cursor-grab"
      data-testid="brain-note-n2"
      style="left: 240px; top: 120px; width: 184px; min-height: 80px;"
    >
      <div
        class="flex items-center gap-1.5 font-mono text-[10px] uppercase tracking-[0.1em] text-ink-4"
      >
        <span
          data-testid="brain-note-n2-kind"
        >
          thought
        </span>
        <span
          class="flex-1"
        />
        <input
          accept="image/png,image/jpeg,image/gif,image/webp"
          aria-hidden="true"
          class="hidden"
          data-testid="brain-note-n2-image-input"
          multiple=""
          tabindex="-1"
          type="file"
        />
        <button
          aria-label="Add picture"
          class="inline-flex items-center justify-center transition-colors hover:text-ink focus-visible:outline-none focus-visible:ring-1 focus-visible:ring-ink data-[state=open]:bg-paper-2 data-[state=open]:text-ink h-4 w-4 rounded-sm text-ink-4 opacity-0 hover:bg-paper-2 group-hover:opacity-100"
          data-no-drag="true"
          data-testid="brain-note-n2-add-image"
          type="button"
        >
          <svg
            aria-hidden="true"
            class="lucide lucide-image-plus h-3 w-3"
            fill="none"
            height="24"
            stroke="currentColor"
            stroke-linecap="round"
            stroke-linejoin="round"
            stroke-width="2"
            viewBox="0 0 24 24"
            width="24"
            xmlns="http://www.w3.org/2000/svg"
          >
            <path
              d="M16 5h6"
            />
            <path
              d="M19 2v6"
            />
            <path
              d="M21 11.5V19a2 2 0 0 1-2 2H5a2 2 0 0 1-2-2V5a2 2 0 0 1 2-2h7.5"
            />
            <path
              d="m21 15-3.086-3.086a2 2 0 0 0-2.828 0L6 21"
            />
            <circle
              cx="9"
              cy="9"
              r="2"
            />
          </svg>
        </button>
        <span
          data-testid="brain-note-n2-day-chip"
        >
          mon
        </span>
        <button
          aria-label="Open details"
          class="inline-flex items-center justify-center transition-colors hover:text-ink focus-visible:outline-none focus-visible:ring-1 focus-visible:ring-ink data-[state=open]:bg-paper-2 data-[state=open]:text-ink ml-1 h-4 w-4 rounded-sm text-ink-4 opacity-0 hover:bg-paper-2 group-hover:opacity-100"
          data-no-drag="true"
          data-testid="brain-note-n2-open-details"
          type="button"
        >
          <svg
            aria-hidden="true"
            class="lucide lucide-arrow-up-right h-3 w-3"
            fill="none"
            height="24"
            stroke="currentColor"
            stroke-linecap="round"
            stroke-linejoin="round"
            stroke-width="2"
            viewBox="0 0 24 24"
            width="24"
            xmlns="http://www.w3.org/2000/svg"
          >
            <path
              d="M7 7h10v10"
            />
            <path
              d="M7 17 17 7"
            />
          </svg>
        </button>
      </div>
      <button
        class="self-start font-mono text-[9px] uppercase tracking-wider text-ink-4 opacity-0 hover:text-ink-2 group-hover:opacity-100"
        data-no-drag="true"
        data-testid="brain-note-n2-add-title"
        type="button"
      >
        + title
      </button>
      <div
        class="flex-1 cursor-text whitespace-pre-wrap font-serif text-[12px] leading-snug text-ink-2"
        data-no-drag="true"
        data-testid="brain-note-n2-body"
      >
        Hello
      </div>
      <div
        aria-label="Resize note"
        class="absolute bottom-0 right-0 h-3 w-3 cursor-nwse-resize"
        data-resize-handle="true"
        data-testid="brain-note-n2-resize-handle"
      />
    </div>
    <div
      class="absolute bottom-5 left-1/2 -translate-x-1/2 border border-ink bg-paper"
      data-testid="brain-canvas-toolbar"
      data-tour="tour-brainspace-add-note"
    >
      <button
        class="inline-block px-3 py-1.5 font-sans text-[11px] text-ink-3 hover:text-ink border-r border-rule"
        data-testid="brain-canvas-tool-blank"
        type="button"
      >
        + 
        blank
      </button>
      <button
        class="inline-block px-3 py-1.5 font-sans text-[11px] text-ink-3 hover:text-ink"
        data-testid="brain-canvas-tool-image"
        type="button"
      >
        + 
        image
      </button>
    </div>
  </div>
</div>
`;
