// Vitest Snapshot v1, https://vitest.dev/guide/snapshot.html

exports[`WriteSurface > renders editor stub with doc body and mode 1`] = `
<div>
  <div
    class="h-full min-w-0 flex-1 overflow-auto bg-paper px-12 py-12"
    data-tour="tour-editor-main"
  >
    <button
      data-mode="write"
      data-placeholder="Start writing…"
      data-testid="editor-stub"
      type="button"
    >
      hello world
    </button>
  </div>
</div>
`;
